MARKER patches 80
Using 3D operations based on patch_size [256, 256, 256]
Using 3D convolutions (nn.Conv3d)
Using 3D normalization (nn.InstanceNorm3d)
--- Partial autoconfiguration: using provided features_per_stage ---
Using provided features_per_stage: [32, 64, 128, 256, 320, 320, 320]
Detected 7 stages from features_per_stage
Patch size adjusted from [256, 256, 256] to (256, 256, 256) to ensure divisibility by pooling factors [64 64 64]
Using provided n_blocks_per_stage: [1, 3, 4, 6, 6, 6, 6]
Task 'surface' configured with separate decoder (2 channels)
NetworkFromConfig initialized with final configuration:
  model_name: ps256_bs2_msr_default
  basic_encoder_block: BasicBlockD
  basic_decoder_block: ConvBlock
  bottleneck_block: BasicBlockD
  features_per_stage: [32, 64, 128, 256, 320, 320, 320]
  num_stages: 7
  n_blocks_per_stage: [1, 3, 4, 6, 6, 6, 6]
  n_conv_per_stage_decoder: [1, 1, 1, 1, 1, 1]
  kernel_sizes: [[3, 3, 3], [3, 3, 3], [3, 3, 3], [3, 3, 3], [3, 3, 3], [3, 3, 3], [3, 3, 3]]
  pool_op_kernel_sizes: [[1, 1, 1], [2, 2, 2], [2, 2, 2], [2, 2, 2], [2, 2, 2], [2, 2, 2], [2, 2, 2]]
  conv_op: Conv3d
  conv_bias: True
  norm_op: InstanceNorm3d
  norm_op_kwargs: {'affine': True, 'eps': 1e-05}
  dropout_op: None
  dropout_op_kwargs: None
  nonlin: LeakyReLU
  nonlin_kwargs: {'inplace': True, 'negative_slope': 0.01}
  strides: [[1, 1, 1], [2, 2, 2], [2, 2, 2], [2, 2, 2], [2, 2, 2], [2, 2, 2], [2, 2, 2]]
  return_skips: True
  do_stem: True
  stem_channels: 32
  bottleneck_channels: None
  stochastic_depth_p: 0.0
  squeeze_excitation: True
  squeeze_excitation_reduction_ratio: 0.0625
  squeeze_excitation_type: scse
  squeeze_excitation_add_maxpool: False
  pool_type: conv
  op_dims: 3
  patch_size: (256, 256, 256)
  batch_size: 2
  in_channels: 1
  autoconfigure: False
  targets: {'surface': {'valid_patch_value': 1, 'activation': 'none', 'ignore_label': 2, 'losses': [{'name': 'MedialSurfaceRecall', 'weight': 1.0}], 'out_channels': 2}}
  separate_decoders: True
  num_pool_per_axis: [6, 6, 6]
  must_be_divisible_by: [64 64 64]
MARKER surface_recto_3dunet loaded ps=256 norm=zscore dropped_task_enc=0
MARKER surface_recto_3dunet {"n_patches": 80, "pooled_auc": 0.6549679565321819, "pooled_dice_best": 0.3282446226023282, "pooled_dice_best_threshold": 0.225, "pooled_dice_at_0.40": 0.30686370753487496, "pooled_dice_at_0.50": 0.26413606341933926, "pooled_precision_ceiling_at_recall_05": 0.2909277219987078, "pooled_base_rate": 0.15449302836647416, "median_auc": 0.63572, "median_dice_best": 0.33175}
Using 3D operations based on patch_size (192, 192, 192)
Using 3D convolutions (nn.Conv3d)
Using 3D normalization (nn.InstanceNorm3d)
--- Partial autoconfiguration: using provided features_per_stage ---
Using provided features_per_stage: [32, 64, 128, 256, 320, 320]
Detected 6 stages from features_per_stage
Patch size adjusted from (192, 192, 192) to (192, 192, 192) to ensure divisibility by pooling factors [32 32 32]
Using provided n_blocks_per_stage: [1, 3, 4, 6, 6, 6]
Task 'surface' configured with separate decoder (2 channels)
NetworkFromConfig initialized with final configuration:
  model_name: Model
  basic_encoder_block: BasicBlockD
  basic_decoder_block: ConvBlock
  bottleneck_block: BasicBlockD
  features_per_stage: [32, 64, 128, 256, 320, 320]
  num_stages: 6
  n_blocks_per_stage: [1, 3, 4, 6, 6, 6]
  n_conv_per_stage_decoder: [1, 1, 1, 1, 1]
  kernel_sizes: ((3, 3, 3), (3, 3, 3), (3, 3, 3), (3, 3, 3), (3, 3, 3), (3, 3, 3))
  pool_op_kernel_sizes: ((1, 1, 1), (2, 2, 2), (2, 2, 2), (2, 2, 2), (2, 2, 2), (2, 2, 2))
  conv_op: Conv3d
  conv_bias: True
  norm_op: InstanceNorm3d
  norm_op_kwargs: {'affine': True, 'eps': 1e-05}
  dropout_op: None
  dropout_op_kwargs: None
  nonlin: LeakyReLU
  nonlin_kwargs: {'inplace': True, 'negative_slope': 0.01}
  strides: ((1, 1, 1), (2, 2, 2), (2, 2, 2), (2, 2, 2), (2, 2, 2), (2, 2, 2))
  return_skips: True
  do_stem: True
  stem_channels: 32
  bottleneck_channels: None
  stochastic_depth_p: 0.0
  squeeze_excitation: False
  squeeze_excitation_reduction_ratio: 0.0625
  squeeze_excitation_type: channel
  squeeze_excitation_add_maxpool: False
  pool_type: conv
  op_dims: 3
  patch_size: (192, 192, 192)
  batch_size: 2
  in_channels: 1
  autoconfigure: True
  targets: {'surface': {'activation': 'none', 'losses': [{'name': 'MedialSurfaceRecall', 'weight': 1.0}], 'out_channels': 2}}
  separate_decoders: True
  num_pool_per_axis: [5, 5, 5]
  must_be_divisible_by: [32 32 32]
MARKER surface_recto_059_redo loaded ps=192 norm=ct dropped_task_enc=448
MARKER surface_recto_059_redo {"n_patches": 80, "pooled_auc": 0.9444777546420476, "pooled_dice_best": 0.7960304880538811, "pooled_dice_best_threshold": 0.439, "pooled_dice_at_0.40": 0.7952388194650725, "pooled_dice_at_0.50": 0.7803190810218527, "pooled_precision_ceiling_at_recall_05": 0.9814460053688775, "pooled_base_rate": 0.15449302836647416, "median_auc": 0.94828, "median_dice_best": 0.8089}
MARKER STATUS=DONE
